npx : npm error code ETIMEDOUT
위치 줄:1 문자:49
+ ... \김상현\github\NEXUS OS Design System\repo"; npx vitest run 2>&1 | Tee-O ...
+                                               ~~~~~~~~~~~~~~~~~~~
    + CategoryInfo          : NotSpecified: (npm error code ETIMEDOUT:String) [], RemoteException
    + FullyQualifiedErrorId : NativeCommandError
 
npm error syscall connect
npm error errno ETIMEDOUT
npm error network request to https://registry.npmjs.org/vitest failed, reason: connect ETIMEDOUT 168.219.61.252:8080
npm error network This is a problem related to network connectivity.
npm error network In most cases you are behind a proxy or have bad network settings.
npm error network
npm error network If you are behind a proxy, please make sure that the
npm error network 'proxy' config is set properly.  See: 'npm help config'
npm error A complete log of this run can be found in: C:\Users\Administrator\AppData\Local\npm-cache\_logs\2026-05-18T06_53_27_848Z-debug-0.log
